
running 0 tests

test result: ok. 0 passed; 0 failed; 0 ignored; 0 measured; 17 filtered out; finished in 0.00s


running 0 tests

test result: ok. 0 passed; 0 failed; 0 ignored; 0 measured; 0 filtered out; finished in 0.00s


running 1 test
[2025-01-19T18:07:17.100Z] DEBUG: test/82197 on caiyuanruideMacBook-Air.local: sqlx::query (elapsed=317µs,elapsed_secs=0.000317,line=143,rows_affected=0,rows_returned=0,target=sqlx::query)
    db.statement: 
    
    SET sql_mode=(SELECT CONCAT(@@sql_mode, ',PIPES_AS_CONCAT,NO_ENGINE_SUBSTITUTION')),time_zone='+00:00',NAMES utf8mb4 COLLATE utf8mb4_unicode_ci;
    --
    file: /Users/caiyuanrui/.cargo/registry/src/index.crates.io-6f17d22bba15001f/sqlx-core-0.8.3/src/logger.rs
    --
    summary: SET sql_mode=(SELECT CONCAT(@@sql_mode, ',PIPES_AS_CONCAT,NO_ENGINE_SUBSTITUTION')),time_zone='+00:00',NAMES …
[2025-01-19T18:07:17.101Z] DEBUG: test/82197 on caiyuanruideMacBook-Air.local: sqlx::query (db.statement="",elapsed=1.355084ms,elapsed_secs=0.001355084,line=143,rows_affected=1,rows_returned=0,target=sqlx::query)
    file: /Users/caiyuanrui/.cargo/registry/src/index.crates.io-6f17d22bba15001f/sqlx-core-0.8.3/src/logger.rs
    --
    summary: CREATE DATABASE `ceaabad2a9674b4f90c037617290e3b1`;
[2025-01-19T18:07:17.125Z] DEBUG: test/82197 on caiyuanruideMacBook-Air.local: starting new connection: http://127.0.0.1:57193/ (file=null,line=null,log.line=620,log.module_path=reqwest::connect,log.target=reqwest::connect,target=log)
    log.file: /Users/caiyuanrui/.cargo/registry/src/index.crates.io-6f17d22bba15001f/reqwest-0.12.12/src/connect.rs
[2025-01-19T18:07:17.125Z] DEBUG: test/82197 on caiyuanruideMacBook-Air.local: connecting to 127.0.0.1:57193 (line=657,target=hyper_util::client::legacy::connect::http)
    file: /Users/caiyuanrui/.cargo/registry/src/index.crates.io-6f17d22bba15001f/hyper-util-0.1.10/src/client/legacy/connect/http.rs
[2025-01-19T18:07:17.125Z] DEBUG: test/82197 on caiyuanruideMacBook-Air.local: connected to 127.0.0.1:57193 (line=660,target=hyper_util::client::legacy::connect::http)
    file: /Users/caiyuanrui/.cargo/registry/src/index.crates.io-6f17d22bba15001f/hyper-util-0.1.10/src/client/legacy/connect/http.rs
[2025-01-19T18:07:17.125Z] DEBUG: test/82197 on caiyuanruideMacBook-Air.local: request body = "name=le%20guin" (file=src/startup.rs,line=131,target=zero2prod::startup)
[2025-01-19T18:07:17.125Z] DEBUG: test/82197 on caiyuanruideMacBook-Air.local: response body = "{\"message\":\"Failed to deserialize form body: missing field `email`\",\"origin\":\"derive_from_request\"}" (file=src/startup.rs,line=131,target=zero2prod::startup)
[2025-01-19T18:07:17.125Z] DEBUG: test/82197 on caiyuanruideMacBook-Air.local: response 404 Not Found (file=src/startup.rs,line=109,target=zero2prod::startup)
[2025-01-19T18:07:17.125Z] DEBUG: test/82197 on caiyuanruideMacBook-Air.local: pooling idle connection for ("http", 127.0.0.1:57193) (line=396,target=hyper_util::client::legacy::pool)
    file: /Users/caiyuanrui/.cargo/registry/src/index.crates.io-6f17d22bba15001f/hyper-util-0.1.10/src/client/legacy/pool.rs
[2025-01-19T18:07:17.125Z] DEBUG: test/82197 on caiyuanruideMacBook-Air.local: starting new connection: http://127.0.0.1:57193/ (file=null,line=null,log.line=620,log.module_path=reqwest::connect,log.target=reqwest::connect,target=log)
    log.file: /Users/caiyuanrui/.cargo/registry/src/index.crates.io-6f17d22bba15001f/reqwest-0.12.12/src/connect.rs
[2025-01-19T18:07:17.125Z] DEBUG: test/82197 on caiyuanruideMacBook-Air.local: connecting to 127.0.0.1:57193 (line=657,target=hyper_util::client::legacy::connect::http)
    file: /Users/caiyuanrui/.cargo/registry/src/index.crates.io-6f17d22bba15001f/hyper-util-0.1.10/src/client/legacy/connect/http.rs
[2025-01-19T18:07:17.126Z] DEBUG: test/82197 on caiyuanruideMacBook-Air.local: connected to 127.0.0.1:57193 (line=660,target=hyper_util::client::legacy::connect::http)
    file: /Users/caiyuanrui/.cargo/registry/src/index.crates.io-6f17d22bba15001f/hyper-util-0.1.10/src/client/legacy/connect/http.rs
[2025-01-19T18:07:17.126Z] DEBUG: test/82197 on caiyuanruideMacBook-Air.local: request body = "email=ursula_le_guin%40gmail.com" (file=src/startup.rs,line=131,target=zero2prod::startup)
[2025-01-19T18:07:17.126Z] DEBUG: test/82197 on caiyuanruideMacBook-Air.local: response body = "{\"message\":\"Failed to deserialize form body: missing field `name`\",\"origin\":\"derive_from_request\"}" (file=src/startup.rs,line=131,target=zero2prod::startup)
[2025-01-19T18:07:17.126Z] DEBUG: test/82197 on caiyuanruideMacBook-Air.local: response 404 Not Found (file=src/startup.rs,line=109,target=zero2prod::startup)
[2025-01-19T18:07:17.126Z] DEBUG: test/82197 on caiyuanruideMacBook-Air.local: pooling idle connection for ("http", 127.0.0.1:57193) (line=396,target=hyper_util::client::legacy::pool)
    file: /Users/caiyuanrui/.cargo/registry/src/index.crates.io-6f17d22bba15001f/hyper-util-0.1.10/src/client/legacy/pool.rs
[2025-01-19T18:07:17.126Z] DEBUG: test/82197 on caiyuanruideMacBook-Air.local: starting new connection: http://127.0.0.1:57193/ (file=null,line=null,log.line=620,log.module_path=reqwest::connect,log.target=reqwest::connect,target=log)
    log.file: /Users/caiyuanrui/.cargo/registry/src/index.crates.io-6f17d22bba15001f/reqwest-0.12.12/src/connect.rs
[2025-01-19T18:07:17.126Z] DEBUG: test/82197 on caiyuanruideMacBook-Air.local: connecting to 127.0.0.1:57193 (line=657,target=hyper_util::client::legacy::connect::http)
    file: /Users/caiyuanrui/.cargo/registry/src/index.crates.io-6f17d22bba15001f/hyper-util-0.1.10/src/client/legacy/connect/http.rs
[2025-01-19T18:07:17.126Z] DEBUG: test/82197 on caiyuanruideMacBook-Air.local: connected to 127.0.0.1:57193 (line=660,target=hyper_util::client::legacy::connect::http)
    file: /Users/caiyuanrui/.cargo/registry/src/index.crates.io-6f17d22bba15001f/hyper-util-0.1.10/src/client/legacy/connect/http.rs
[2025-01-19T18:07:17.126Z] DEBUG: test/82197 on caiyuanruideMacBook-Air.local: request body = "" (file=src/startup.rs,line=131,target=zero2prod::startup)
[2025-01-19T18:07:17.126Z] DEBUG: test/82197 on caiyuanruideMacBook-Air.local: response body = "{\"message\":\"Failed to deserialize form body: missing field `email`\",\"origin\":\"derive_from_request\"}" (file=src/startup.rs,line=131,target=zero2prod::startup)
[2025-01-19T18:07:17.126Z] DEBUG: test/82197 on caiyuanruideMacBook-Air.local: response 404 Not Found (file=src/startup.rs,line=109,target=zero2prod::startup)
[2025-01-19T18:07:17.126Z] DEBUG: test/82197 on caiyuanruideMacBook-Air.local: pooling idle connection for ("http", 127.0.0.1:57193) (line=396,target=hyper_util::client::legacy::pool)
    file: /Users/caiyuanrui/.cargo/registry/src/index.crates.io-6f17d22bba15001f/hyper-util-0.1.10/src/client/legacy/pool.rs
test subscriptions::subscribe_returns_a_404_when_data_is_missing ... ok

test result: ok. 1 passed; 0 failed; 0 ignored; 0 measured; 3 filtered out; finished in 0.05s

